
> afrigo-backend@1.0.0 build:docs
> cd documentation && npm run build


> documentation@0.0.0 build
> docusaurus build

[WARNING] The `siteConfig.onBrokenMarkdownLinks` config option is deprecated and will be removed in Docusaurus v4.
Please migrate and move this option to `siteConfig.markdown.hooks.onBrokenMarkdownLinks` instead.
[INFO] [en] Creating an optimized production build...
[WARNING] The `siteConfig.onBrokenMarkdownLinks` config option is deprecated and will be removed in Docusaurus v4.
Please migrate and move this option to `siteConfig.markdown.hooks.onBrokenMarkdownLinks` instead.
[webpackbar] ℹ Compiling Client
[webpackbar] ℹ Compiling Server
[webpackbar] ✔ Server: Compiled successfully in 598.51ms
[webpackbar] ✔ Client: Compiled successfully in 623.55ms

[ERROR] Error: Unable to build website for locale en.
    at tryToBuildLocale (/Users/precieuxntsala/Afrigo Backend/documentation/node_modules/@docusaurus/core/lib/commands/build/build.js:83:15)
    at async /Users/precieuxntsala/Afrigo Backend/documentation/node_modules/@docusaurus/core/lib/commands/build/build.js:35:9
    at async mapAsyncSequential (/Users/precieuxntsala/Afrigo Backend/documentation/node_modules/@docusaurus/utils/lib/jsUtils.js:21:24)
    at async Command.build (/Users/precieuxntsala/Afrigo Backend/documentation/node_modules/@docusaurus/core/lib/commands/build/build.js:34:5)
    at async Promise.all (index 0)
    at async runCLI (/Users/precieuxntsala/Afrigo Backend/documentation/node_modules/@docusaurus/core/lib/commands/cli.js:56:5)
    at async file:///Users/precieuxntsala/Afrigo%20Backend/documentation/node_modules/@docusaurus/core/bin/docusaurus.mjs:44:3 {
  [cause]: Error: Docusaurus found broken links!
  
  Please check the pages of your site in the list below, and make sure you don't reference any path that does not exist.
  Note: it's possible to ignore broken links with the 'onBrokenLinks' Docusaurus configuration, and let the build pass.
  
  It looks like some of the broken links we found appear in many pages of your site.
  Maybe those broken links appear on all pages through your site layout?
  We recommend that you check your theme configuration for such links (particularly, theme navbar and footer).
  Frequent broken links are linking to:
  - /docs/intro
  
  Exhaustive list of all broken links found:
  - Broken link on source page path = /404.html:
     -> linking to /docs/intro
  - Broken link on source page path = /blog:
     -> linking to /docs/intro
  - Broken link on source page path = /blog/archive:
     -> linking to /docs/intro
  - Broken link on source page path = /blog/authors:
     -> linking to /docs/intro
  - Broken link on source page path = /blog/authors/all-sebastien-lorber-articles:
     -> linking to /docs/intro
  - Broken link on source page path = /blog/authors/yangshun:
     -> linking to /docs/intro
  - Broken link on source page path = /blog/first-blog-post:
     -> linking to /docs/intro
  - Broken link on source page path = /blog/long-blog-post:
     -> linking to /docs/intro
  - Broken link on source page path = /blog/mdx-blog-post:
     -> linking to /docs/intro
  - Broken link on source page path = /blog/tags:
     -> linking to /docs/intro
  - Broken link on source page path = /blog/tags/docusaurus:
     -> linking to /docs/intro
  - Broken link on source page path = /blog/tags/facebook:
     -> linking to /docs/intro
  - Broken link on source page path = /blog/tags/hello:
     -> linking to /docs/intro
  - Broken link on source page path = /blog/tags/hola:
     -> linking to /docs/intro
  - Broken link on source page path = /blog/welcome:
     -> linking to /docs/intro
  - Broken link on source page path = /markdown-page:
     -> linking to /docs/intro
  - Broken link on source page path = /:
     -> linking to /docs/intro
  - Broken link on source page path = /api/address:
     -> linking to /docs/intro
  - Broken link on source page path = /api/addresses:
     -> linking to /docs/intro
  - Broken link on source page path = /api/auth:
     -> linking to /docs/intro
  - Broken link on source page path = /api/authentication:
     -> linking to /docs/intro
  - Broken link on source page path = /api/driver:
     -> linking to /docs/intro
  - Broken link on source page path = /api/drivers:
     -> linking to /docs/intro
  - Broken link on source page path = /api/rides:
     -> linking to /docs/intro
  - Broken link on source page path = /api/statistics:
     -> linking to /docs/intro
  - Broken link on source page path = /api/stats:
     -> linking to /docs/intro
  - Broken link on source page path = /api/support:
     -> linking to /docs/intro
  - Broken link on source page path = /api/support-safety:
     -> linking to /docs/intro
  - Broken link on source page path = /api/wallet:
     -> linking to /docs/intro
  - Broken link on source page path = /category/tutorial---basics:
     -> linking to /docs/intro
  - Broken link on source page path = /category/tutorial---extras:
     -> linking to /docs/intro
  - Broken link on source page path = /intro:
     -> linking to /docs/intro
  - Broken link on source page path = /tutorial-basics/congratulations:
     -> linking to /docs/intro
  - Broken link on source page path = /tutorial-basics/create-a-blog-post:
     -> linking to /docs/intro
  - Broken link on source page path = /tutorial-basics/create-a-document:
     -> linking to /docs/intro
  - Broken link on source page path = /tutorial-basics/create-a-page:
     -> linking to /docs/intro
  - Broken link on source page path = /tutorial-basics/deploy-your-site:
     -> linking to /docs/intro
  - Broken link on source page path = /tutorial-basics/markdown-features:
     -> linking to /docs/intro
  - Broken link on source page path = /tutorial-extras/manage-docs-versions:
     -> linking to /docs/intro
  - Broken link on source page path = /tutorial-extras/translate-your-site:
     -> linking to /docs/intro
  
      at throwError (/Users/precieuxntsala/Afrigo Backend/documentation/node_modules/@docusaurus/logger/lib/logger.js:80:11)
      at reportBrokenLinks (/Users/precieuxntsala/Afrigo Backend/documentation/node_modules/@docusaurus/core/lib/server/brokenLinks.js:250:47)
      at handleBrokenLinks (/Users/precieuxntsala/Afrigo Backend/documentation/node_modules/@docusaurus/core/lib/server/brokenLinks.js:282:5)
      at executeBrokenLinksCheck (/Users/precieuxntsala/Afrigo Backend/documentation/node_modules/@docusaurus/core/lib/commands/build/buildLocale.js:119:47)
      at /Users/precieuxntsala/Afrigo Backend/documentation/node_modules/@docusaurus/core/lib/commands/build/buildLocale.js:94:67
      at Object.async (/Users/precieuxntsala/Afrigo Backend/documentation/node_modules/@docusaurus/logger/lib/perfLogger.js:42:47)
      at buildLocale (/Users/precieuxntsala/Afrigo Backend/documentation/node_modules/@docusaurus/core/lib/commands/build/buildLocale.js:94:31)
      at async runBuildLocaleTask (/Users/precieuxntsala/Afrigo Backend/documentation/node_modules/@docusaurus/core/lib/commands/build/build.js:98:5)
      at async /Users/precieuxntsala/Afrigo Backend/documentation/node_modules/@docusaurus/core/lib/commands/build/build.js:79:13
      at async tryToBuildLocale (/Users/precieuxntsala/Afrigo Backend/documentation/node_modules/@docusaurus/core/lib/commands/build/build.js:75:9)
}
[INFO] Docusaurus version: 3.9.2
Node version: v24.4.1
